// Jest Snapshot v1, https://goo.gl/fbAQLP

exports[`Resolver query.me should have correct query 1`] = `
Object {
  "me": Object {
    "emailAddress": "email@address.com",
    "name": "user_name",
    "shortIds": Array [],
    "userId": "5e4dcdfcc76d441afd3d29d9",
  },
}
`;
